시작
rep	node	att_med_ms	ff_med_ms	load1	ctxsw/s	temp
1	113	0.044910000	0.052139000	0.90	423	57.9
1	96	0.034041000	0.049876000	1.09	471	60.6
2	113	0.035091000	0.053647000	1.50	707	60.0
2	96	0.034449000	0.049713000	1.23	515	63.4
3	113	0.051498000	0.050480000	1.64	439	59.5
3	96	0.034084000	0.049412000	1.59	479	64.5
4	113	0.036408000	0.055730000	1.45	437	59.0
4	96	0.035198000	0.049654000	1.70	467	65.0
5	113	0.035958000	0.053347000	1.78	702	59.5
5	96	0.035596000	0.050815000	1.55	500	63.9
6	113	0.035150000	0.053612000	1.78	437	59.5
6	96	0.035288000	0.048993000	1.70	470	65.5
7	113	0.036025000	0.052764000	1.93	456	61.7
7	96	0.035925000	0.050370000	1.62	473	67.2
8	113	0.034692000	0.053471000	1.93	666	60.0
8	96	0.035599000	0.049148000	1.92	493	66.1
9	113	0.043644000	0.052660000	2.04	451	60.0
9	96	0.035741000	0.049518000	1.47	466	66.1
10	113	0.043859000	0.056131000	2.12	442	61.1
10	96	0.036295000	0.049314000	1.94	864	65.0

[exited with code 0]
