[1]   Done                    scp -q membench streamcheck ubuntu@$h:/home/ubuntu/
[2]   Done                    scp -q membench streamcheck ubuntu@$h:/home/ubuntu/
[3]   Done                    scp -q membench streamcheck ubuntu@$h:/home/ubuntu/
[4]   Done                    scp -q membench streamcheck ubuntu@$h:/home/ubuntu/
[5]   Done                    scp -q membench streamcheck ubuntu@$h:/home/ubuntu/
[6]   Done                    scp -q membench streamcheck ubuntu@$h:/home/ubuntu/
[7]-  Done                    scp -q membench streamcheck ubuntu@$h:/home/ubuntu/
[8]+  Done                    scp -q membench streamcheck ubuntu@$h:/home/ubuntu/
8노드 배포 완료 (+root)
시작
node	metric	key	value
root	STREAM	1	9.60
root	STREAM	4	6.45
root	CHASE	32	1.67
root	CHASE	256	7.70
root	CHASE	2048	92.75
root	CHASE	16384	110.55
root	CHASE	131072	120.56
root	STREAM	1	9.83
root	STREAM	4	6.61
root	CHASE	32	1.67
root	CHASE	256	8.26
root	CHASE	2048	94.79
root	CHASE	16384	111.91
root	CHASE	131072	119.30
113	STREAM	1	9.57
113	STREAM	4	5.72
113	CHASE	32	1.67
113	CHASE	256	5.71
113	CHASE	2048	87.05
113	CHASE	16384	108.46
113	CHASE	131072	119.26
113	STREAM	1	9.55
113	STREAM	4	5.55
113	CHASE	32	1.79
113	CHASE	256	5.65
113	CHASE	2048	95.16
113	CHASE	16384	107.79
113	CHASE	131072	119.43
166	STREAM	1	9.94
166	STREAM	4	5.79
166	CHASE	32	1.67
166	CHASE	256	5.23
166	CHASE	2048	29.07
166	CHASE	16384	108.62
166	CHASE	131072	120.64
166	STREAM	1	9.36
166	STREAM	4	5.58
166	CHASE	32	1.67
166	CHASE	256	5.57
166	CHASE	2048	93.30
166	CHASE	16384	111.51
166	CHASE	131072	121.51
191	STREAM	1	9.58
191	STREAM	4	5.50
191	CHASE	32	2.12
191	CHASE	256	5.61
191	CHASE	2048	95.17
191	CHASE	16384	107.31
191	CHASE	131072	119.23
191	STREAM	1	8.94
191	STREAM	4	5.45
191	CHASE	32	1.67
191	CHASE	256	5.82
191	CHASE	2048	95.95
191	CHASE	16384	111.48
191	CHASE	131072	118.70
103	STREAM	1	9.36
103	STREAM	4	4.45
103	CHASE	32	2.06
103	CHASE	256	5.69
103	CHASE	2048	99.82
103	CHASE	16384	123.10
103	CHASE	131072	133.88
103	STREAM	1	8.89
103	STREAM	4	4.47
103	CHASE	32	1.67
103	CHASE	256	5.62
103	CHASE	2048	112.89
103	CHASE	16384	132.28
103	CHASE	131072	133.54
94	STREAM	1	9.93
94	STREAM	4	5.51
94	CHASE	32	1.73
94	CHASE	256	5.20
94	CHASE	2048	22.39
94	CHASE	16384	117.80
94	CHASE	131072	126.87
94	STREAM	1	9.51
94	STREAM	4	5.52
94	CHASE	32	1.67
94	CHASE	256	5.52
94	CHASE	2048	98.65
94	CHASE	16384	125.99
94	CHASE	131072	127.40
104	STREAM	1	9.82
104	STREAM	4	5.54
104	CHASE	32	1.67
104	CHASE	256	5.61
104	CHASE	2048	105.08
104	CHASE	16384	121.22
104	CHASE	131072	127.18
104	STREAM	1	9.45
104	STREAM	4	5.68
104	CHASE	32	1.67
104	CHASE	256	5.67
104	CHASE	2048	101.07
104	CHASE	16384	116.24
104	CHASE	131072	128.03
54	STREAM	1	9.13
54	STREAM	4	4.44
54	CHASE	32	1.67
54	CHASE	256	5.73
54	CHASE	2048	107.75
54	CHASE	16384	119.20
54	CHASE	131072	132.99
54	STREAM	1	9.08
54	STREAM	4	4.47
54	CHASE	32	1.67
54	CHASE	256	5.74
54	CHASE	2048	110.52
54	CHASE	16384	126.87
54	CHASE	131072	134.05
96	STREAM	1	9.80
96	STREAM	4	5.50
96	CHASE	32	1.67
96	CHASE	256	5.22
96	CHASE	2048	20.96
96	CHASE	16384	120.95
96	CHASE	131072	127.03
96	STREAM	1	9.58
96	STREAM	4	5.48
96	CHASE	32	1.89
96	CHASE	256	5.72
96	CHASE	2048	100.98
96	CHASE	16384	123.53
96	CHASE	131072	127.76

[exited with code 0]
